http_interactions:
  - request:
      method: GET
      path: /simpletext
      headers:
        accept: 'application/json, text/plain, */*'
        user-agent: axios/0.18.0
        host: 'localhost:4000'
        connection: close
      body:
        encoding: utf8
        data: ''
        compression: none
    response:
      status:
        code: 200
      headers:
        x-powered-by: Express
        content-type: text/html; charset=utf-8
        content-length: '11'
        etag: W/"b-femFm3z7jKfjuBpImPzz/fDNHDk"
        date: 'Mon, 20 Aug 2018 05:59:49 GMT'
        connection: close
      body:
        encoding: utf8
        data: Plain text!
        compression: none
  - request:
      method: GET
      path: /utf8
      headers:
        accept: 'application/json, text/plain, */*'
        user-agent: axios/0.18.0
        host: 'localhost:4000'
        connection: close
      body:
        encoding: utf8
        data: ''
        compression: none
    response:
      status:
        code: 200
      headers:
        x-powered-by: Express
        content-type: text/html; charset=utf-8
        content-length: '15'
        etag: W/"f-MCqQSiyUswSJLYYiI9qsHxQ+EzI"
        date: 'Mon, 20 Aug 2018 05:59:49 GMT'
        connection: close
      body:
        encoding: utf8
        data: "\U0001F60A Hello \U0001F4A9"
        compression: none
  - request:
      method: GET
      path: /binary
      headers:
        accept: 'application/json, text/plain, */*'
        user-agent: axios/0.18.0
        host: 'localhost:4000'
        connection: close
      body:
        encoding: utf8
        data: ''
        compression: none
    response:
      status:
        code: 200
      headers:
        x-powered-by: Express
        content-type: application/octet-stream
        content-length: '8'
        etag: W/"8-MFsFf0KmtLiEacBwJR25xJmsLb8"
        date: 'Mon, 20 Aug 2018 05:59:49 GMT'
        connection: close
      body:
        encoding: base64
        data: DDD5aP8hy7M=
